
> build
> vite build

[36mvite v7.1.3 [32mbuilding for production...[36m[39m
transforming...
[32mΓ£ô[39m 749 modules transformed.
rendering chunks...
computing gzip size...
[2mpublic/build/[22m[32mmanifest.json                            [39m[1m[2m   22.79 kB[22m[1m[22m[2m Γöé gzip:   2.11 kB[22m
[2mpublic/build/[22m[32massets/logo-HVF-GWc5.png                 [39m[1m[2m   58.46 kB[22m[1m[22m
[2mpublic/build/[22m[35massets/Report-tn0RQdqM.css               [39m[1m[2m    0.00 kB[22m[1m[22m[2m Γöé gzip:   0.02 kB[22m
[2mpublic/build/[22m[35massets/Index-i40FRP8Z.css                [39m[1m[2m    0.05 kB[22m[1m[22m[2m Γöé gzip:   0.07 kB[22m
[2mpublic/build/[22m[35massets/Index-CnlSkwFe.css                [39m[1m[2m    0.05 kB[22m[1m[22m[2m Γöé gzip:   0.07 kB[22m
[2mpublic/build/[22m[35massets/Invoice-BN6KpkF_.css              [39m[1m[2m    0.08 kB[22m[1m[22m[2m Γöé gzip:   0.09 kB[22m
[2mpublic/build/[22m[35massets/Profile-CQjB9CZ7.css              [39m[1m[2m    0.31 kB[22m[1m[22m[2m Γöé gzip:   0.19 kB[22m
[2mpublic/build/[22m[35massets/app-C62E55Rn.css                  [39m[1m[2m    0.35 kB[22m[1m[22m[2m Γöé gzip:   0.19 kB[22m
[2mpublic/build/[22m[35massets/Success-BDBPeAX7.css              [39m[1m[2m    1.16 kB[22m[1m[22m[2m Γöé gzip:   0.40 kB[22m
[2mpublic/build/[22m[35massets/Show-CCnovye_.css                 [39m[1m[2m   20.41 kB[22m[1m[22m[2m Γöé gzip:   3.35 kB[22m
[2mpublic/build/[22m[35massets/vendor-B2ZarPwU.css               [39m[1m[2m   28.77 kB[22m[1m[22m[2m Γöé gzip:   2.45 kB[22m
[2mpublic/build/[22m[35massets/vue-vendor-Dpa9xmZ7.css           [39m[1m[2m   33.25 kB[22m[1m[22m[2m Γöé gzip:   5.15 kB[22m
[2mpublic/build/[22m[35massets/app-B15P6NHk.css                  [39m[1m[2m  128.70 kB[22m[1m[22m[2m Γöé gzip:  20.33 kB[22m
[2mpublic/build/[22m[36massets/formatCurrency-DSTKcy3y.js        [39m[1m[2m    0.13 kB[22m[1m[22m[2m Γöé gzip:   0.13 kB[22m
[2mpublic/build/[22m[36massets/fontawesome-DPuLPnYH.js           [39m[1m[2m    0.64 kB[22m[1m[22m[2m Γöé gzip:   0.35 kB[22m
[2mpublic/build/[22m[36massets/TextInput-OW34HeOS.js             [39m[1m[2m    0.94 kB[22m[1m[22m[2m Γöé gzip:   0.52 kB[22m
[2mpublic/build/[22m[36massets/OrderPayment-z1moXwKU.js          [39m[1m[2m    1.05 kB[22m[1m[22m[2m Γöé gzip:   0.66 kB[22m
[2mpublic/build/[22m[36massets/SelectInput-CCDD_Ak1.js           [39m[1m[2m    1.24 kB[22m[1m[22m[2m Γöé gzip:   0.69 kB[22m
[2mpublic/build/[22m[36massets/Pagination-CuZVmS_s.js            [39m[1m[2m    1.70 kB[22m[1m[22m[2m Γöé gzip:   0.79 kB[22m
[2mpublic/build/[22m[36massets/StorefrontBreadcrumb-DFHvlcnm.js  [39m[1m[2m    1.80 kB[22m[1m[22m[2m Γöé gzip:   0.87 kB[22m
[2mpublic/build/[22m[36massets/Index-Bc65f2fe.js                 [39m[1m[2m    2.43 kB[22m[1m[22m[2m Γöé gzip:   1.10 kB[22m
[2mpublic/build/[22m[36massets/Profile-CUfbX45m.js               [39m[1m[2m    2.62 kB[22m[1m[22m[2m Γöé gzip:   1.10 kB[22m
[2mpublic/build/[22m[36massets/Footer--yueV0Ef.js                [39m[1m[2m    3.10 kB[22m[1m[22m[2m Γöé gzip:   1.34 kB[22m
[2mpublic/build/[22m[36massets/Dashboard-DTwqT_wK.js             [39m[1m[2m    3.61 kB[22m[1m[22m[2m Γöé gzip:   1.33 kB[22m
[2mpublic/build/[22m[36massets/Dashboard-BLP8pWzH.js             [39m[1m[2m    3.62 kB[22m[1m[22m[2m Γöé gzip:   1.55 kB[22m
[2mpublic/build/[22m[36massets/MyOrders-DmYw7QH-.js              [39m[1m[2m    4.76 kB[22m[1m[22m[2m Γöé gzip:   1.93 kB[22m
[2mpublic/build/[22m[36massets/Show-BnOLN4DA.js                  [39m[1m[2m    4.83 kB[22m[1m[22m[2m Γöé gzip:   2.01 kB[22m
[2mpublic/build/[22m[36massets/Index-DihSfi0m.js                 [39m[1m[2m    6.24 kB[22m[1m[22m[2m Γöé gzip:   2.11 kB[22m
[2mpublic/build/[22m[36massets/Login-B7lC7y8K.js                 [39m[1m[2m    6.28 kB[22m[1m[22m[2m Γöé gzip:   2.52 kB[22m
[2mpublic/build/[22m[36massets/Index-Dm0ZbPae.js                 [39m[1m[2m    6.52 kB[22m[1m[22m[2m Γöé gzip:   2.48 kB[22m
[2mpublic/build/[22m[36massets/Register-CBAsI_VF.js              [39m[1m[2m    6.69 kB[22m[1m[22m[2m Γöé gzip:   2.54 kB[22m
[2mpublic/build/[22m[36massets/Index-CIz_DzIl.js                 [39m[1m[2m    6.69 kB[22m[1m[22m[2m Γöé gzip:   2.44 kB[22m
[2mpublic/build/[22m[36massets/Index-CW5CVVFI.js                 [39m[1m[2m    6.76 kB[22m[1m[22m[2m Γöé gzip:   2.52 kB[22m
[2mpublic/build/[22m[36massets/Invoice-D9Zv3Ajd.js               [39m[1m[2m    6.97 kB[22m[1m[22m[2m Γöé gzip:   2.46 kB[22m
[2mpublic/build/[22m[36massets/Index-BpKaJF5G.js                 [39m[1m[2m    7.04 kB[22m[1m[22m[2m Γöé gzip:   2.74 kB[22m
[2mpublic/build/[22m[36massets/OrderDetail-C1-83nmF.js           [39m[1m[2m    7.13 kB[22m[1m[22m[2m Γöé gzip:   2.55 kB[22m
[2mpublic/build/[22m[36massets/Profile-B3KV8A-2.js               [39m[1m[2m    7.53 kB[22m[1m[22m[2m Γöé gzip:   2.12 kB[22m
[2mpublic/build/[22m[36massets/Show-DFIneclU.js                  [39m[1m[2m    7.56 kB[22m[1m[22m[2m Γöé gzip:   2.23 kB[22m
[2mpublic/build/[22m[36massets/AdminLayout-BOZmgsC0.js           [39m[1m[2m    7.83 kB[22m[1m[22m[2m Γöé gzip:   2.88 kB[22m
[2mpublic/build/[22m[36massets/Login-CvwXMGQ0.js                 [39m[1m[2m    7.94 kB[22m[1m[22m[2m Γöé gzip:   3.33 kB[22m
[2mpublic/build/[22m[36massets/Index-BqvJ6ki3.js                 [39m[1m[2m    8.33 kB[22m[1m[22m[2m Γöé gzip:   2.92 kB[22m
[2mpublic/build/[22m[36massets/Show-CAxd84UC.js                  [39m[1m[2m    8.39 kB[22m[1m[22m[2m Γöé gzip:   2.33 kB[22m
[2mpublic/build/[22m[36massets/Show-CMEtl4s6.js                  [39m[1m[2m    8.39 kB[22m[1m[22m[2m Γöé gzip:   2.72 kB[22m
[2mpublic/build/[22m[36massets/Index-CGeZQ9XL.js                 [39m[1m[2m    8.57 kB[22m[1m[22m[2m Γöé gzip:   2.52 kB[22m
[2mpublic/build/[22m[36massets/Dashboard-Damzvnnr.js             [39m[1m[2m    8.80 kB[22m[1m[22m[2m Γöé gzip:   2.21 kB[22m
[2mpublic/build/[22m[36massets/Index-BlLMPFGZ.js                 [39m[1m[2m    8.89 kB[22m[1m[22m[2m Γöé gzip:   2.94 kB[22m
[2mpublic/build/[22m[36massets/Show-BiCk1F_y.js                  [39m[1m[2m    9.81 kB[22m[1m[22m[2m Γöé gzip:   3.07 kB[22m
[2mpublic/build/[22m[36massets/Index-DoYUEfyT.js                 [39m[1m[2m    9.84 kB[22m[1m[22m[2m Γöé gzip:   3.48 kB[22m
[2mpublic/build/[22m[36massets/Index-cwoajHbV.js                 [39m[1m[2m    9.93 kB[22m[1m[22m[2m Γöé gzip:   3.01 kB[22m
[2mpublic/build/[22m[36massets/Index-BWBmK-z6.js                 [39m[1m[2m   10.00 kB[22m[1m[22m[2m Γöé gzip:   3.03 kB[22m
[2mpublic/build/[22m[36massets/Edit-C5NyAQsP.js                  [39m[1m[2m   10.28 kB[22m[1m[22m[2m Γöé gzip:   2.99 kB[22m
[2mpublic/build/[22m[36massets/Success-QOt6qX43.js               [39m[1m[2m   10.29 kB[22m[1m[22m[2m Γöé gzip:   3.46 kB[22m
[2mpublic/build/[22m[36massets/Index-D-py7_Gu.js                 [39m[1m[2m   10.40 kB[22m[1m[22m[2m Γöé gzip:   3.53 kB[22m
[2mpublic/build/[22m[36massets/Index-BXZtkURj.js                 [39m[1m[2m   10.63 kB[22m[1m[22m[2m Γöé gzip:   3.40 kB[22m
[2mpublic/build/[22m[36massets/Show-Q9gYpVNp.js                  [39m[1m[2m   11.87 kB[22m[1m[22m[2m Γöé gzip:   3.98 kB[22m
[2mpublic/build/[22m[36massets/Show-DW9VA5p4.js                  [39m[1m[2m   12.54 kB[22m[1m[22m[2m Γöé gzip:   3.40 kB[22m
[2mpublic/build/[22m[36massets/Index-D4O-UACj.js                 [39m[1m[2m   13.10 kB[22m[1m[22m[2m Γöé gzip:   4.35 kB[22m
[2mpublic/build/[22m[36massets/Index-Ci-rryHv.js                 [39m[1m[2m   13.53 kB[22m[1m[22m[2m Γöé gzip:   4.60 kB[22m
[2mpublic/build/[22m[36massets/CreateOrder-BED8eScS.js           [39m[1m[2m   13.61 kB[22m[1m[22m[2m Γöé gzip:   4.14 kB[22m
[2mpublic/build/[22m[36massets/Home-p1frZM8q.js                  [39m[1m[2m   13.76 kB[22m[1m[22m[2m Γöé gzip:   4.04 kB[22m
[2mpublic/build/[22m[36massets/Index-DHdodhvJ.js                 [39m[1m[2m   14.89 kB[22m[1m[22m[2m Γöé gzip:   4.61 kB[22m
[2mpublic/build/[22m[36massets/Report-BdEJDQ7p.js                [39m[1m[2m   15.63 kB[22m[1m[22m[2m Γöé gzip:   3.71 kB[22m
[2mpublic/build/[22m[36massets/Index-Br1BtAps.js                 [39m[1m[2m   32.70 kB[22m[1m[22m[2m Γöé gzip:   7.11 kB[22m
[2mpublic/build/[22m[36massets/Index-DcUf8bAL.js                 [39m[1m[2m   35.06 kB[22m[1m[22m[2m Γöé gzip:   8.84 kB[22m
[2mpublic/build/[22m[36massets/app-BQXwFB1l.js                   [39m[1m[2m   44.97 kB[22m[1m[22m[2m Γöé gzip:  14.58 kB[22m
[2mpublic/build/[22m[36massets/fontawesome-DoVhRZFR.js           [39m[1m[2m  102.71 kB[22m[1m[22m[2m Γöé gzip:  33.32 kB[22m
[2mpublic/build/[22m[36massets/vue-vendor-D25s7HyN.js            [39m[1m[2m  154.70 kB[22m[1m[22m[2m Γöé gzip:  54.90 kB[22m
[2mpublic/build/[22m[36massets/vendor-qhqOsPjM.js                [39m[1m[33m1,436.17 kB[39m[22m[2m Γöé gzip: 421.86 kB[22m
node.exe : [33m
At C:\Program Files\nod
ejs\npm.ps1:29 char:3
+   & $NODE_EXE 
$NPM_CLI_JS $args
+   ~~~~~~~~~~~~~~~~~~~
~~~~~~~~~~
    + CategoryInfo     
         : NotSpecifi  
  ed: ([33m:String)   
  [], RemoteExcepti    
on
    + FullyQualifiedEr 
   rorId : NativeComm  
  andError
 
(!) Some chunks are 
larger than 600 kB 
after minification. 
Consider:
- Using dynamic 
import() to code-split 
the application
- Use build.rollupOptio
ns.output.manualChunks 
to improve chunking: ht
tps://rollupjs.org/conf
iguration-options/#outp
ut-manualchunks
- Adjust chunk size 
limit for this warning 
via build.chunkSizeWarn
ingLimit.[39m
[32mΓ£ô built in 12.30s[39m
